
Lmod is automatically replacing "mamba/2024-01" with
"scicomp-python-env/2024-01".

Running replications...
Generating data...
Creating VaMSL...
steps: 0
steps: 100
steps: 200
steps: 300
steps: 400
steps: 500
steps: 600
steps: 700
steps: 800
steps: 900
burnout...
Returning results...
Generating data...
Creating VaMSL...
steps: 0
steps: 100
steps: 200
steps: 300
steps: 400
steps: 500
steps: 600
steps: 700
steps: 800
steps: 900
burnout...
Returning results...
Generating data...
Creating VaMSL...
steps: 0
steps: 100
steps: 200
steps: 300
steps: 400
steps: 500
steps: 600
steps: 700
steps: 800
steps: 900
burnout...
Returning results...
Generating data...
Creating VaMSL...
steps: 0
steps: 100
steps: 200
steps: 300
steps: 400
steps: 500
steps: 600
steps: 700
steps: 800
steps: 900
burnout...
Returning results...
Generating data...
Creating VaMSL...
steps: 0
steps: 100
steps: 200
steps: 300
steps: 400
steps: 500
steps: 600
steps: 700
steps: 800
steps: 900
burnout...
Returning results...
Generating data...
Creating VaMSL...
steps: 0
steps: 100
steps: 200
steps: 300
steps: 400
steps: 500
steps: 600
steps: 700
steps: 800
steps: 900
burnout...
Returning results...
Generating data...
Creating VaMSL...
steps: 0
steps: 100
steps: 200
steps: 300
steps: 400
steps: 500
steps: 600
steps: 700
steps: 800
steps: 900
burnout...
Returning results...
Generating data...
Creating VaMSL...
steps: 0
steps: 100
steps: 200
steps: 300
steps: 400
steps: 500
steps: 600
steps: 700
steps: 800
steps: 900
burnout...
Returning results...
Generating data...
Creating VaMSL...
steps: 0
steps: 100
steps: 200
steps: 300
steps: 400
steps: 500
steps: 600
steps: 700
steps: 800
steps: 900
burnout...
Returning results...
Generating data...
Creating VaMSL...
steps: 0
steps: 100
steps: 200
steps: 300
steps: 400
steps: 500
steps: 600
steps: 700
steps: 800
steps: 900
burnout...
Returning results...
Generating data...
Creating VaMSL...
steps: 0
steps: 100
steps: 200
steps: 300
steps: 400
steps: 500
steps: 600
steps: 700
steps: 800
steps: 900
burnout...
Returning results...
Generating data...
Creating VaMSL...
steps: 0
steps: 100
steps: 200
steps: 300
steps: 400
steps: 500
steps: 600
steps: 700
steps: 800
steps: 900
burnout...
Returning results...
Generating data...
Creating VaMSL...
steps: 0
steps: 100
steps: 200
steps: 300
steps: 400
steps: 500
steps: 600
slurmstepd: error: *** JOB 4191083 ON dgx1 CANCELLED AT 2024-10-30T14:17:30 DUE TO TIME LIMIT ***
