slurmstepd: error: *** JOB 4190965 ON dgx1 CANCELLED AT 2024-10-30T14:00:33 ***
