Running replications...
Generating data...
Creating VaMSL...
steps: 0
steps: 100
steps: 200
steps: 300
steps: 400
steps: 500
steps: 600
steps: 700
steps: 800
steps: 900
burnout...
Returning results...
Generating data...
Creating VaMSL...
steps: 0
steps: 100
steps: 200
steps: 300
steps: 400
steps: 500
steps: 600
steps: 700
steps: 800
steps: 900
burnout...
Returning results...
Generating data...
Creating VaMSL...
steps: 0
steps: 100
steps: 200
steps: 300
steps: 400
steps: 500
steps: 600
steps: 700
steps: 800
steps: 900
burnout...
Returning results...
Generating data...
Creating VaMSL...
steps: 0
steps: 100
steps: 200
steps: 300
steps: 400
steps: 500
steps: 600
steps: 700
steps: 800
steps: 900
burnout...
Returning results...
Generating data...
Creating VaMSL...
steps: 0
steps: 100
steps: 200
steps: 300
steps: 400
steps: 500
steps: 600
steps: 700
steps: 800
steps: 900
burnout...
Returning results...
Generating data...
Creating VaMSL...
steps: 0
steps: 100
steps: 200
steps: 300
